Microchip MPLAB XC8 Compiler V2.46

Linker command line:

-W-3 \
  --edf=C:/Program Files/Microchip/MPLABX/v6.20/packs/Microchip/PIC16F1xxxx_DFP/1.24.387/xc8\pic\dat\20240111205957_en.msgs \
  -cn -h+dist/default/debug\MotorDriverMain.X.debug.sym \
  --cmf=dist/default/debug\MotorDriverMain.X.debug.cmf -z -Q16F18344 \
  -oC:\Users\genta\AppData\Local\Temp\xcAsd9s.\driver_tmp_3.o \
  --defsym=__MPLAB_BUILD=1 --fixupoverflow=error \
  -Mdist/default/debug/MotorDriverMain.X.debug.map \
  --md=C:\Users\genta\AppData\Local\Temp\xcAsd9s.\driver_tmp_0.dat -E1 \
  -ver=XC8 Compiler --acfsm=1493 -ACODE=00h-07FFhx2 -ASTRCODE=00h-0FFFh \
  -ASTRING=00h-0FFhx16 -ACONST=00h-0FFhx16 -AENTRY=00h-0FFhx16 \
  -ACOMMON=070h-07Fh -ABANK0=020h-06Fh -ABANK1=0A0h-0EFh \
  -ABANK2=0120h-016Fh -ABANK3=01A0h-01EFh -ABANK4=0220h-026Fh \
  -ABANK5=02A0h-02EFh -ABANK6=0320h-032Fh -ABIGRAM=02000h-021EFh \
  -ARAM=020h-06Fh,0A0h-0EFh,0120h-016Fh,01A0h-01EFh,0220h-026Fh,02A0h-02EFh,0320h-032Fh \
  -AABS1=020h-07Fh,0A0h-0EFh,0120h-016Fh,01A0h-01EFh,0220h-026Fh,02A0h-02EFh,0320h-032Fh \
  -ASFR0=00h-01Fh -ASFR1=080h-09Fh -ASFR2=0100h-011Fh -ASFR3=0180h-019Fh \
  -ASFR4=0200h-021Fh -ASFR5=0280h-029Fh -ASFR6=0300h-031Fh \
  -ASFR7=0380h-03EFh -ASFR8=0400h-046Fh -ASFR9=0480h-04EFh \
  -ASFR10=0500h-056Fh -ASFR11=0580h-05EFh -ASFR12=0600h-066Fh \
  -ASFR13=0680h-06EFh -ASFR14=0700h-076Fh -ASFR15=0780h-07EFh \
  -ASFR16=0800h-086Fh -ASFR17=0880h-08EFh -ASFR18=0900h-096Fh \
  -ASFR19=0980h-09EFh -ASFR20=0A00h-0A6Fh -ASFR21=0A80h-0AEFh \
  -ASFR22=0B00h-0B6Fh -ASFR23=0B80h-0BEFh -ASFR24=0C00h-0C6Fh \
  -ASFR25=0C80h-0CEFh -ASFR26=0D00h-0D6Fh -ASFR27=0D80h-0DEFh \
  -ASFR28=0E00h-0E6Fh -ASFR29=0E80h-0EEFh -ASFR30=0F00h-0F6Fh \
  -ASFR31=0F80h-0FEFh -ACONFIG=08007h-0800Ah -DCONFIG=2 \
  -AIDLOC=08000h-08003h -DIDLOC=2 -AEEDATA=00h-0FFh/0F000h \
  -peeprom_data=EEDATA -DEEDATA=2 -DCODE=2 -DSTRCODE=2 -DSTRING=2 -DCONST=2 \
  -DENTRY=2 -preset_vec=00h,intentry=04h,sivt,init,end_init -ppowerup=CODE \
  -pcinit=CODE -pfunctab=ENTRY -k \
  C:\Users\genta\AppData\Local\Temp\xcAsd9s.\driver_tmp_15.o \
  dist/default/debug\MotorDriverMain.X.debug.o 

Object code version is 3.11

Machine type is 16F18344



                Name                               Link     Load   Length Selector   Space Scale
C:\Users\genta\AppData\Local\Temp\xcAsd9s.\driver_tmp_15.o
                end_init                             35       35        2        8       0
                reset_vec                             0        0        2        0       0
                config                             8007     8007        4        0       4
dist/default/debug\MotorDriverMain.X.debug.o
                cinit                                37       37       12        8       0
                intentry                              4        4       31        8       0
                config                             8007     8007        4        0       4
                text52                              34F      34F        1      45A       0
                text51                              335      335        4      45A       0
                text50                              34B      34B        3      45A       0
                text49                              348      348        3      45A       0
                text48                              331      331        4      45A       0
                text47                              1F2      1F2       15      294       0
                text46                              345      345        3      45A       0
                text45                              32D      32D        4      45A       0
                text44                              342      342        3      45A       0
                text43                              329      329        4      45A       0
                text42                              325      325        4      45A       0
                text41                              33F      33F        3      45A       0
                text40                              33C      33C        3      45A       0
                text39                              310      310        5      45A       0
                text38                              339      339        3      45A       0
                text37                              14A      14A       2F      294       0
                text36                              321      321        4      45A       0
                text35                              2BE      2BE        8      45A       0
                text34                              2D4      2D4        7      45A       0
                text33                               DA       DA       40        8       0
                text32                              305      305        6      45A       0
                text31                              2FF      2FF        6      45A       0
                text30                              2B6      2B6        8      45A       0
                text29                              2CD      2CD        7      45A       0
                text28                              19B      19B       22      294       0
                text27                              31D      31D        4      45A       0
                text26                              2C6      2C6        7      45A       0
                text25                              30B      30B        5      45A       0
                text24                              2F9      2F9        6      45A       0
                text23                               97       97       43        8       0
                text22                              319      319        4      45A       0
                text21                              34E      34E        1      45A       0
                text19                              2A1      2A1        B      45A       0
                text18                              2AC      2AC        A      45A       0
                text17                              259      259        D      45A       0
                text16                              28A      28A        C      45A       0
                text15                              24B      24B        E      45A       0
                text14                              23C      23C        F      45A       0
                text13                              2F3      2F3        6      45A       0
                text12                              27E      27E        C      45A       0
                text11                              272      272        C      45A       0
                text10                              1BD      1BD       1E      294       0
                text9                               266      266        C      45A       0
                text8                               315      315        4      45A       0
                text7                               1DB      1DB       17      294       0
                text6                               2ED      2ED        6      45A       0
                text5                               296      296        B      45A       0
                text4                                49       49       4E        8       0
                text3                               2E7      2E7        6      45A       0
                text2                               22D      22D        F      45A       0
                text1                               179      179       22      294       0
                maintext                            2E1      2E1        6      45A       0
                cstackBANK0                          36       36        2       20       1
                cstackCOMMON                         76       76        6       70       1
                clrtext                             2DB      2DB        6      45A       0
                bssBANK0                             20       20       16       20       1
                bssCOMMON                            70       70        6       70       1
                stringtext3                         21B      21B       12      40E       0
                stringtext2                         207      207       14      40E       0
                stringtext1                         11A      11A       30      234       0

TOTAL           Name                               Link     Load   Length     Space
        CLASS   CODE           
                end_init                             35       35        2         0
                cinit                                37       37       12         0
                intentry                              4        4       31         0
                reset_vec                             0        0        2         0
                text52                              34F      34F        1         0
                text51                              335      335        4         0
                text50                              34B      34B        3         0
                text49                              348      348        3         0
                text48                              331      331        4         0
                text47                              1F2      1F2       15         0
                text46                              345      345        3         0
                text45                              32D      32D        4         0
                text44                              342      342        3         0
                text43                              329      329        4         0
                text42                              325      325        4         0
                text41                              33F      33F        3         0
                text40                              33C      33C        3         0
                text39                              310      310        5         0
                text38                              339      339        3         0
                text37                              14A      14A       2F         0
                text36                              321      321        4         0
                text35                              2BE      2BE        8         0
                text34                              2D4      2D4        7         0
                text33                               DA       DA       40         0
                text32                              305      305        6         0
                text31                              2FF      2FF        6         0
                text30                              2B6      2B6        8         0
                text29                              2CD      2CD        7         0
                text28                              19B      19B       22         0
                text27                              31D      31D        4         0
                text26                              2C6      2C6        7         0
                text25                              30B      30B        5         0
                text24                              2F9      2F9        6         0
                text23                               97       97       43         0
                text22                              319      319        4         0
                text21                              34E      34E        1         0
                text19                              2A1      2A1        B         0
                text18                              2AC      2AC        A         0
                text17                              259      259        D         0
                text16                              28A      28A        C         0
                text15                              24B      24B        E         0
                text14                              23C      23C        F         0
                text13                              2F3      2F3        6         0
                text12                              27E      27E        C         0
                text11                              272      272        C         0
                text10                              1BD      1BD       1E         0
                text9                               266      266        C         0
                text8                               315      315        4         0
                text7                               1DB      1DB       17         0
                text6                               2ED      2ED        6         0
                text5                               296      296        B         0
                text4                                49       49       4E         0
                text3                               2E7      2E7        6         0
                text2                               22D      22D        F         0
                text1                               179      179       22         0
                maintext                            2E1      2E1        6         0
                clrtext                             2DB      2DB        6         0

        CLASS   STRCODE        
                stringtext3                         21B      21B       12         0
                stringtext2                         207      207       14         0
                stringtext1                         11A      11A       30         0

        CLASS   STRING         

        CLASS   CONST          

        CLASS   ENTRY          

        CLASS   COMMON         
                cstackCOMMON                         76       76        6         1
                bssCOMMON                            70       70        6         1

        CLASS   BANK0          
                cstackBANK0                          36       36        2         1
                bssBANK0                             20       20       16         1

        CLASS   BANK1          

        CLASS   BANK2          

        CLASS   BANK3          

        CLASS   BANK4          

        CLASS   BANK5          

        CLASS   BANK6          

        CLASS   BIGRAM         

        CLASS   RAM            

        CLASS   ABS1           
                abs_s1                               7E       7E        2         1

        CLASS   SFR0           

        CLASS   SFR1           

        CLASS   SFR2           

        CLASS   SFR3           

        CLASS   SFR4           

        CLASS   SFR5           

        CLASS   SFR6           

        CLASS   SFR7           

        CLASS   SFR8           

        CLASS   SFR9           

        CLASS   SFR10          

        CLASS   SFR11          

        CLASS   SFR12          

        CLASS   SFR13          

        CLASS   SFR14          

        CLASS   SFR15          

        CLASS   SFR16          

        CLASS   SFR17          

        CLASS   SFR18          

        CLASS   SFR19          

        CLASS   SFR20          

        CLASS   SFR21          

        CLASS   SFR22          

        CLASS   SFR23          

        CLASS   SFR24          

        CLASS   SFR25          

        CLASS   SFR26          

        CLASS   SFR27          

        CLASS   SFR28          

        CLASS   SFR29          

        CLASS   SFR30          

        CLASS   SFR31          

        CLASS   CONFIG         
                config                             8007     8007        4         4

        CLASS   IDLOC          

        CLASS   EEDATA         

        CLASS   BANK31         

        CLASS   BANK30         

        CLASS   BANK29         

        CLASS   BANK28         

        CLASS   BANK27         

        CLASS   BANK26         

        CLASS   BANK25         

        CLASS   BANK24         

        CLASS   BANK23         

        CLASS   BANK22         

        CLASS   BANK21         

        CLASS   BANK20         

        CLASS   BANK19         

        CLASS   BANK18         

        CLASS   BANK17         

        CLASS   BANK16         

        CLASS   BANK15         

        CLASS   BANK14         

        CLASS   BANK13         

        CLASS   BANK12         

        CLASS   BANK11         

        CLASS   BANK10         

        CLASS   BANK9          

        CLASS   BANK8          

        CLASS   BANK7          

        CLASS   HEAP           

        CLASS   STACK          



SEGMENTS        Name                           Load    Length   Top    Selector   Space  Class     Delta

                reset_vec                      000000  000002  000002         0       0  CODE        2
                intentry                       000004  000116  00011A         8       0  CODE        2
                bssBANK0                       000020  000018  000038        20       1  BANK0       1
                bssCOMMON                      000070  00000C  00007C        70       1  COMMON      1
                stringtext1                    00011A  000030  00014A       234       0  STRCODE     2
                text37                         00014A  0000BD  000207       294       0  CODE        2
                stringtext2                    000207  000026  00022D       40E       0  STRCODE     2
                text2                          00022D  000123  000350       45A       0  CODE        2


UNUSED ADDRESS RANGES

        Name                Unused          Largest block    Delta
        BANK0            00038-0006F              38           1
        BANK1            000A0-000EF              50           1
        BANK2            00120-0016F              50           1
        BANK3            001A0-001EF              50           1
        BANK4            00220-0026F              50           1
        BANK5            002A0-002EF              50           1
        BANK6            00320-0032F              10           1
        BIGRAM           02000-021EF             1F0           1
        CODE             00002-00003               2           2
                         00350-00FFF             4B0
        COMMON           0007C-0007D               2           1
        CONST            00002-00003               2           2
                         00350-00FFF             100
        EEDATA           0F000-0F0FF             100           2
        ENTRY            00002-00003               2           2
                         00350-00FFF             100
        IDLOC            08000-08003               4           2
        RAM              00038-0006F              38           1
                         000A0-000EF              50
                         00120-0016F              50
                         001A0-001EF              50
                         00220-0026F              50
                         002A0-002EF              50
                         00320-0032F              10
        SFR0             00000-0001F              20           1
        SFR1             00080-0009F              20           1
        SFR10            00500-0056F              70           1
        SFR11            00580-005EF              70           1
        SFR12            00600-0066F              70           1
        SFR13            00680-006EF              70           1
        SFR14            00700-0076F              70           1
        SFR15            00780-007EF              70           1
        SFR16            00800-0086F              70           1
        SFR17            00880-008EF              70           1
        SFR18            00900-0096F              70           1
        SFR19            00980-009EF              70           1
        SFR2             00100-0011F              20           1
        SFR20            00A00-00A6F              70           1
        SFR21            00A80-00AEF              70           1
        SFR22            00B00-00B6F              70           1
        SFR23            00B80-00BEF              70           1
        SFR24            00C00-00C6F              70           1
        SFR25            00C80-00CEF              70           1
        SFR26            00D00-00D6F              70           1
        SFR27            00D80-00DEF              70           1
        SFR28            00E00-00E6F              70           1
        SFR29            00E80-00EEF              70           1
        SFR3             00180-0019F              20           1
        SFR30            00F00-00F6F              70           1
        SFR31            00F80-00FEF              70           1
        SFR4             00200-0021F              20           1
        SFR5             00280-0029F              20           1
        SFR6             00300-0031F              20           1
        SFR7             00380-003EF              70           1
        SFR8             00400-0046F              70           1
        SFR9             00480-004EF              70           1
        STRCODE          00002-00003               2           2
                         00350-00FFF             CB0
        STRING           00002-00003               2           2
                         00350-00FFF             100

                                  Symbol Table

CMP1_InterruptCallbackRegister@callbackHandler      cstackBANK0  00036
EUSART_FramingErrorCallbackRegister@callbackHandler cstackBANK0  00036
EUSART_OverrunErrorCallbackRegister@callbackHandler cstackBANK0  00036
I2C1_CallbackRegister@callbackHandler               cstackBANK0  00036
I2C1_DataTransmit@data                              cstackCOMMON 00076
I2C1_EVENT_ERROR@retEventState                      cstackCOMMON 00076
I2C1_EVENT_NACK@retEventState                       cstackCOMMON 00076
I2C1_EVENT_RX@retEventState                         cstackCOMMON 00077
I2C1_EVENT_TX@retEventState                         cstackCOMMON 00079
INT_SetInterruptHandler@InterruptHandler            cstackBANK0  00036
TMR2_OverflowCallbackRegister@InterruptHandler      cstackBANK0  00036
_ADACT                                              (abs)        0009F
_ADCON0                                             (abs)        0009D
_ADCON0bits                                         (abs)        0009D
_ADCON1                                             (abs)        0009E
_ADC_Initialize                                     text19       002A1
_ADRESH                                             (abs)        0009C
_ADRESL                                             (abs)        0009B
_ANSELA                                             (abs)        0018C
_ANSELB                                             (abs)        0018D
_ANSELC                                             (abs)        0018E
_BAUD1CON                                           (abs)        0019F
_BAUD1CONbits                                       (abs)        0019F
_CCP1CON                                            (abs)        00293
_CCP1CONbits                                        (abs)        00293
_CCP1_Initialize                                    text18       002AC
_CCPR1H                                             (abs)        00292
_CCPR1L                                             (abs)        00291
_CCPTMRSbits                                        (abs)        0029F
_CLOCK_Initialize                                   text17       00259
_CM1CON0                                            (abs)        00111
_CM1CON0bits                                        (abs)        00111
_CM1CON1                                            (abs)        00112
_CMOUTbits                                          (abs)        00115
_CMP1_DefaultInterruptCallback                      (abs)        00000
_CMP1_Initialize                                    text15       0024B
_CMP1_InterruptCallbackRegister                     text16       0028A
_CMP1_InterruptHandler                              bssCOMMON    00074
_CWG1AS0                                            (abs)        00697
_CWG1AS0bits                                        (abs)        00697
_CWG1AS1                                            (abs)        00698
_CWG1CLKCON                                         (abs)        00691
_CWG1CON0                                           (abs)        00695
_CWG1CON0bits                                       (abs)        00695
_CWG1CON1                                           (abs)        00696
_CWG1DAT                                            (abs)        00692
_CWG1DBF                                            (abs)        00694
_CWG1DBR                                            (abs)        00693
_CWG1STR                                            (abs)        00699
_CWG1_Initialize                                    text14       0023C
_DAC1_Initialize                                    text13       002F3
_DACCON0                                            (abs)        00118
_DACCON1                                            (abs)        00119
_EUSART_AutoBaudQuery                               (abs)        00000
_EUSART_AutoBaudSet                                 (abs)        00000
_EUSART_DefaultFramingErrorCallback                 (abs)        00000
_EUSART_DefaultOverrunErrorCallback                 (abs)        00000
_EUSART_Deinitialize                                (abs)        00000
_EUSART_ErrorGet                                    (abs)        00000
_EUSART_FramingErrorCallbackRegister                text12       0027E
_EUSART_FramingErrorHandler                         bssCOMMON    00070
_EUSART_Initialize                                  text10       001BD
_EUSART_IsRxReady                                   (abs)        00000
_EUSART_IsTxDone                                    (abs)        00000
_EUSART_IsTxReady                                   (abs)        00000
_EUSART_OverrunErrorCallbackRegister                text11       00272
_EUSART_OverrunErrorHandler                         bssBANK0     0002E
_EUSART_Read                                        (abs)        00000
_EUSART_TransmitDisable                             (abs)        00000
_EUSART_TransmitEnable                              (abs)        00000
_EUSART_Write                                       (abs)        00000
_I2C1_AckSend                                       text45       0032D
_I2C1_BusReset                                      text51       00335
_I2C1_Callback                                      bssBANK0     00034
_I2C1_CallbackRegister                              text9        00266
_I2C1_Close                                         text47       001F2
_I2C1_DataReceive                                   text44       00342
_I2C1_DataTransmit                                  text39       00310
_I2C1_DefaultCallback                               text52       0034F
_I2C1_Deinitialize                                  (abs)        00000
_I2C1_ERROR_ISR                                     text27       0031D
_I2C1_EVENT_ERROR                                   text31       002FF
_I2C1_EVENT_IDLE                                    text36       00321
_I2C1_EVENT_NACK                                    text32       00305
_I2C1_EVENT_RESET                                   text29       002CD
_I2C1_EVENT_RX                                      text33       000DA
_I2C1_EVENT_SEND_RD_ADDR                            text35       002BE
_I2C1_EVENT_SEND_WR_ADDR                            text34       002D4
_I2C1_EVENT_STOP                                    text30       002B6
_I2C1_EVENT_TX                                      text37       0014A
_I2C1_ErrorEventHandler                             text28       0019B
_I2C1_ErrorGet                                      (abs)        00000
_I2C1_ErrorInterruptClear                           text50       0034B
_I2C1_EventHandler                                  text23       00097
_I2C1_ISR                                           text22       00319
_I2C1_Initialize                                    text7        001DB
_I2C1_InterruptClear                                text49       00348
_I2C1_InterruptsEnable                              text8        00315
_I2C1_IsAddr                                        text26       002C6
_I2C1_IsBusy                                        (abs)        00000
_I2C1_IsData                                        text25       0030B
_I2C1_IsNack                                        text24       002F9
_I2C1_IsRxBufFull                                   text43       00329
_I2C1_NackSend                                      text42       00325
_I2C1_Read                                          (abs)        00000
_I2C1_ReceiveEnable                                 text41       0033F
_I2C1_RestartDisable                                text40       0033C
_I2C1_RestartEnable                                 text38       00339
_I2C1_StatusFlagsClear                              text48       00331
_I2C1_StopSend                                      text46       00345
_I2C1_Write                                         (abs)        00000
_I2C1_WriteRead                                     (abs)        00000
_INLVLA                                             (abs)        0038C
_INLVLB                                             (abs)        0038D
_INLVLC                                             (abs)        0038E
_INTCONbits                                         (abs)        0000B
_INTERRUPT_Initialize                               text5        00296
_INTERRUPT_InterruptManager                         intentry     00004
_INT_DefaultInterruptHandler                        (abs)        00000
_INT_InterruptHandler                               bssCOMMON    00072
_INT_SetInterruptHandler                            text6        002ED
_IOCAF                                              (abs)        00393
_IOCAN                                              (abs)        00392
_IOCAP                                              (abs)        00391
_IOCBF                                              (abs)        00396
_IOCBN                                              (abs)        00395
_IOCBP                                              (abs)        00394
_IOCCF                                              (abs)        00399
_IOCCN                                              (abs)        00398
_IOCCP                                              (abs)        00397
_LATA                                               (abs)        0010C
_LATB                                               (abs)        0010D
_LATC                                               (abs)        0010E
_ODCONA                                             (abs)        0028C
_ODCONB                                             (abs)        0028D
_ODCONC                                             (abs)        0028E
_OSCCON1                                            (abs)        00919
_OSCCON3                                            (abs)        0091B
_OSCEN                                              (abs)        0091D
_OSCFRQ                                             (abs)        0091F
_OSCSTAT1bits                                       (abs)        0091C
_OSCTUNE                                            (abs)        0091E
_PIE0bits                                           (abs)        00090
_PIE1bits                                           (abs)        00091
_PIN_MANAGER_IOC                                    text21       0034E
_PIN_MANAGER_Initialize                             text4        00049
_PIR0bits                                           (abs)        00010
_PIR1bits                                           (abs)        00011
_PIR2bits                                           (abs)        00012
_PR2                                                (abs)        0001E
_RA2PPS                                             (abs)        00E92
_RB6PPS                                             (abs)        00E9E
_RC0PPS                                             (abs)        00EA0
_RC1PPS                                             (abs)        00EA1
_RC1REG                                             (abs)        00199
_RC1STA                                             (abs)        0019D
_RC1STAbits                                         (abs)        0019D
_RC2PPS                                             (abs)        00EA2
_RC6PPS                                             (abs)        00EA6
_RC7PPS                                             (abs)        00EA7
_RXPPS                                              (abs)        00E24
_SLRCONA                                            (abs)        0030C
_SLRCONB                                            (abs)        0030D
_SLRCONC                                            (abs)        0030E
_SP1BRGH                                            (abs)        0019C
_SP1BRGL                                            (abs)        0019B
_SSP1ADD                                            (abs)        00212
_SSP1BUF                                            (abs)        00211
_SSP1CLKPPS                                         (abs)        00E20
_SSP1CON1                                           (abs)        00215
_SSP1CON1bits                                       (abs)        00215
_SSP1CON2                                           (abs)        00216
_SSP1CON2bits                                       (abs)        00216
_SSP1CON3                                           (abs)        00217
_SSP1DATPPS                                         (abs)        00E21
_SSP1STAT                                           (abs)        00214
_SSP1STATbits                                       (abs)        00214
_SYSTEM_Initialize                                  text1        00179
_T2CON                                              (abs)        0001F
_T2CONbits                                          (abs)        0001F
_TMR2                                               (abs)        0001D
_TMR2_DefaultOverflowCallback                       (abs)        00000
_TMR2_Initialize                                    text2        0022D
_TMR2_OverflowCallback                              bssBANK0     00032
_TMR2_OverflowCallbackRegister                      text3        002E7
_TRISA                                              (abs)        0008C
_TRISB                                              (abs)        0008D
_TRISC                                              (abs)        0008E
_TX1REG                                             (abs)        0019A
_TX1STA                                             (abs)        0019E
_TX1STAbits                                         (abs)        0019E
_WPUA                                               (abs)        0020C
_WPUB                                               (abs)        0020D
_WPUC                                               (abs)        0020E
__H__absolute__                                     __absolute__ 00000
__Habs1                                             abs1         00000
__Hbank0                                            bank0        00000
__Hbank1                                            bank1        00000
__Hbank10                                           bank10       00000
__Hbank11                                           bank11       00000
__Hbank12                                           bank12       00000
__Hbank13                                           bank13       00000
__Hbank14                                           bank14       00000
__Hbank15                                           bank15       00000
__Hbank16                                           bank16       00000
__Hbank17                                           bank17       00000
__Hbank18                                           bank18       00000
__Hbank19                                           bank19       00000
__Hbank2                                            bank2        00000
__Hbank20                                           bank20       00000
__Hbank21                                           bank21       00000
__Hbank22                                           bank22       00000
__Hbank23                                           bank23       00000
__Hbank24                                           bank24       00000
__Hbank25                                           bank25       00000
__Hbank26                                           bank26       00000
__Hbank27                                           bank27       00000
__Hbank28                                           bank28       00000
__Hbank29                                           bank29       00000
__Hbank3                                            bank3        00000
__Hbank30                                           bank30       00000
__Hbank31                                           bank31       00000
__Hbank4                                            bank4        00000
__Hbank5                                            bank5        00000
__Hbank6                                            bank6        00000
__Hbank7                                            bank7        00000
__Hbank8                                            bank8        00000
__Hbank9                                            bank9        00000
__Hbigram                                           bigram       00000
__HbssBANK0                                         bssBANK0     00000
__HbssCOMMON                                        bssCOMMON    00000
__Hcinit                                            cinit        00049
__Hclrtext                                          clrtext      00000
__Hcode                                             code         00000
__Hcommon                                           common       00000
__Hconfig                                           config       0800B
__HcstackBANK0                                      cstackBANK0  00000
__HcstackCOMMON                                     cstackCOMMON 00000
__Heeprom_data                                      eeprom_data  00000
__Hend_init                                         end_init     00037
__Hfunctab                                          functab      00000
__Hheap                                             heap         00000
__Hinit                                             init         00035
__Hintentry                                         intentry     00035
__Hmaintext                                         maintext     00000
__Hpowerup                                          powerup      00000
__Hram                                              ram          00000
__Hreset_vec                                        reset_vec    00002
__Hsfr0                                             sfr0         00000
__Hsfr1                                             sfr1         00000
__Hsfr10                                            sfr10        00000
__Hsfr11                                            sfr11        00000
__Hsfr12                                            sfr12        00000
__Hsfr13                                            sfr13        00000
__Hsfr14                                            sfr14        00000
__Hsfr15                                            sfr15        00000
__Hsfr16                                            sfr16        00000
__Hsfr17                                            sfr17        00000
__Hsfr18                                            sfr18        00000
__Hsfr19                                            sfr19        00000
__Hsfr2                                             sfr2         00000
__Hsfr20                                            sfr20        00000
__Hsfr21                                            sfr21        00000
__Hsfr22                                            sfr22        00000
__Hsfr23                                            sfr23        00000
__Hsfr24                                            sfr24        00000
__Hsfr25                                            sfr25        00000
__Hsfr26                                            sfr26        00000
__Hsfr27                                            sfr27        00000
__Hsfr28                                            sfr28        00000
__Hsfr29                                            sfr29        00000
__Hsfr3                                             sfr3         00000
__Hsfr30                                            sfr30        00000
__Hsfr31                                            sfr31        00000
__Hsfr4                                             sfr4         00000
__Hsfr5                                             sfr5         00000
__Hsfr6                                             sfr6         00000
__Hsfr7                                             sfr7         00000
__Hsfr8                                             sfr8         00000
__Hsfr9                                             sfr9         00000
__Hsivt                                             sivt         00035
__Hspace_0                                          (abs)        00350
__Hspace_1                                          (abs)        0007C
__Hspace_2                                          (abs)        00000
__Hspace_3                                          (abs)        00000
__Hspace_4                                          (abs)        10012
__Hstack                                            stack        00000
__Hstrings                                          strings      00000
__Hstringtext1                                      stringtext1  00000
__Hstringtext2                                      stringtext2  00000
__Hstringtext3                                      stringtext3  00000
__Htext                                             text         00000
__L__absolute__                                     __absolute__ 00000
__Labs1                                             abs1         00000
__Lbank0                                            bank0        00000
__Lbank1                                            bank1        00000
__Lbank10                                           bank10       00000
__Lbank11                                           bank11       00000
__Lbank12                                           bank12       00000
__Lbank13                                           bank13       00000
__Lbank14                                           bank14       00000
__Lbank15                                           bank15       00000
__Lbank16                                           bank16       00000
__Lbank17                                           bank17       00000
__Lbank18                                           bank18       00000
__Lbank19                                           bank19       00000
__Lbank2                                            bank2        00000
__Lbank20                                           bank20       00000
__Lbank21                                           bank21       00000
__Lbank22                                           bank22       00000
__Lbank23                                           bank23       00000
__Lbank24                                           bank24       00000
__Lbank25                                           bank25       00000
__Lbank26                                           bank26       00000
__Lbank27                                           bank27       00000
__Lbank28                                           bank28       00000
__Lbank29                                           bank29       00000
__Lbank3                                            bank3        00000
__Lbank30                                           bank30       00000
__Lbank31                                           bank31       00000
__Lbank4                                            bank4        00000
__Lbank5                                            bank5        00000
__Lbank6                                            bank6        00000
__Lbank7                                            bank7        00000
__Lbank8                                            bank8        00000
__Lbank9                                            bank9        00000
__Lbigram                                           bigram       00000
__LbssBANK0                                         bssBANK0     00000
__LbssCOMMON                                        bssCOMMON    00000
__Lcinit                                            cinit        00037
__Lclrtext                                          clrtext      00000
__Lcode                                             code         00000
__Lcommon                                           common       00000
__Lconfig                                           config       00000
__LcstackBANK0                                      cstackBANK0  00000
__LcstackCOMMON                                     cstackCOMMON 00000
__Leeprom_data                                      eeprom_data  00000
__Lend_init                                         end_init     00035
__Lfunctab                                          functab      00000
__Lheap                                             heap         00000
__Linit                                             init         00035
__Lintentry                                         intentry     00004
__Lmaintext                                         maintext     00000
__Lpowerup                                          powerup      00000
__Lram                                              ram          00000
__Lreset_vec                                        reset_vec    00000
__Lsfr0                                             sfr0         00000
__Lsfr1                                             sfr1         00000
__Lsfr10                                            sfr10        00000
__Lsfr11                                            sfr11        00000
__Lsfr12                                            sfr12        00000
__Lsfr13                                            sfr13        00000
__Lsfr14                                            sfr14        00000
__Lsfr15                                            sfr15        00000
__Lsfr16                                            sfr16        00000
__Lsfr17                                            sfr17        00000
__Lsfr18                                            sfr18        00000
__Lsfr19                                            sfr19        00000
__Lsfr2                                             sfr2         00000
__Lsfr20                                            sfr20        00000
__Lsfr21                                            sfr21        00000
__Lsfr22                                            sfr22        00000
__Lsfr23                                            sfr23        00000
__Lsfr24                                            sfr24        00000
__Lsfr25                                            sfr25        00000
__Lsfr26                                            sfr26        00000
__Lsfr27                                            sfr27        00000
__Lsfr28                                            sfr28        00000
__Lsfr29                                            sfr29        00000
__Lsfr3                                             sfr3         00000
__Lsfr30                                            sfr30        00000
__Lsfr31                                            sfr31        00000
__Lsfr4                                             sfr4         00000
__Lsfr5                                             sfr5         00000
__Lsfr6                                             sfr6         00000
__Lsfr7                                             sfr7         00000
__Lsfr8                                             sfr8         00000
__Lsfr9                                             sfr9         00000
__Lsivt                                             sivt         00035
__Lspace_0                                          (abs)        00000
__Lspace_1                                          (abs)        00000
__Lspace_2                                          (abs)        00000
__Lspace_3                                          (abs)        00000
__Lspace_4                                          (abs)        00000
__Lstack                                            stack        00000
__Lstrings                                          strings      00000
__Lstringtext1                                      stringtext1  00000
__Lstringtext2                                      stringtext2  00000
__Lstringtext3                                      stringtext3  00000
__Ltext                                             text         00000
__S0                                                (abs)        00350
__S1                                                (abs)        0007C
__S3                                                (abs)        00000
___heap_hi                                          (abs)        00000
___heap_lo                                          (abs)        00000
___int_sp                                           stack        00000
___int_stack_hi                                     stack        00000
___int_stack_lo                                     stack        00000
___latbits                                          (abs)        00001
___sp                                               stack        00000
___stack_hi                                         stack        00000
___stack_lo                                         stack        00000
___stackhi                                          (abs)        00000
___stacklo                                          (abs)        00000
__end_of_ADC_Initialize                             text19       002AC
__end_of_CCP1_Initialize                            text18       002B6
__end_of_CLOCK_Initialize                           text17       00266
__end_of_CMP1_Initialize                            text15       00259
__end_of_CMP1_InterruptCallbackRegister             text16       00296
__end_of_CWG1_Initialize                            text14       0024B
__end_of_DAC1_Initialize                            text13       002F9
__end_of_EUSART_FramingErrorCallbackRegister        text12       0028A
__end_of_EUSART_Initialize                          text10       001DB
__end_of_EUSART_OverrunErrorCallbackRegister        text11       0027E
__end_of_I2C1_AckSend                               text45       00331
__end_of_I2C1_BusReset                              text51       00339
__end_of_I2C1_CallbackRegister                      text9        00272
__end_of_I2C1_Close                                 text47       00207
__end_of_I2C1_DataReceive                           text44       00345
__end_of_I2C1_DataTransmit                          text39       00315
__end_of_I2C1_DefaultCallback                       text52       00350
__end_of_I2C1_ERROR_ISR                             text27       00321
__end_of_I2C1_EVENT_ERROR                           text31       00305
__end_of_I2C1_EVENT_IDLE                            text36       00325
__end_of_I2C1_EVENT_NACK                            text32       0030B
__end_of_I2C1_EVENT_RESET                           text29       002D4
__end_of_I2C1_EVENT_RX                              text33       0011A
__end_of_I2C1_EVENT_SEND_RD_ADDR                    text35       002C6
__end_of_I2C1_EVENT_SEND_WR_ADDR                    text34       002DB
__end_of_I2C1_EVENT_STOP                            text30       002BE
__end_of_I2C1_EVENT_TX                              text37       00179
__end_of_I2C1_ErrorEventHandler                     text28       001BD
__end_of_I2C1_ErrorInterruptClear                   text50       0034E
__end_of_I2C1_EventHandler                          text23       000DA
__end_of_I2C1_Host                                  stringtext2  0021B
__end_of_I2C1_ISR                                   text22       0031D
__end_of_I2C1_Initialize                            text7        001F2
__end_of_I2C1_InterruptClear                        text49       0034B
__end_of_I2C1_InterruptsEnable                      text8        00319
__end_of_I2C1_IsAddr                                text26       002CD
__end_of_I2C1_IsData                                text25       00310
__end_of_I2C1_IsNack                                text24       002FF
__end_of_I2C1_IsRxBufFull                           text43       0032D
__end_of_I2C1_NackSend                              text42       00329
__end_of_I2C1_ReceiveEnable                         text41       00342
__end_of_I2C1_RestartDisable                        text40       0033F
__end_of_I2C1_RestartEnable                         text38       0033C
__end_of_I2C1_StatusFlagsClear                      text48       00335
__end_of_I2C1_StopSend                              text46       00348
__end_of_INTERRUPT_Initialize                       text5        002A1
__end_of_INTERRUPT_InterruptManager                 intentry     00035
__end_of_INT_SetInterruptHandler                    text6        002F3
__end_of_PIN_MANAGER_IOC                            text21       0034F
__end_of_PIN_MANAGER_Initialize                     text4        00097
__end_of_SYSTEM_Initialize                          text1        0019B
__end_of_TMR2_Initialize                            text2        0023C
__end_of_TMR2_OverflowCallbackRegister              text3        002ED
__end_of_UART1                                      stringtext1  0014A
__end_of__initialization                            cinit        00045
__end_of_i2c1_eventTable                            stringtext3  0022D
__end_of_main                                       maintext     002E7
__initialization                                    cinit        00037
__pbssBANK0                                         bssBANK0     00020
__pbssCOMMON                                        bssCOMMON    00070
__pcstackBANK0                                      cstackBANK0  00036
__pcstackCOMMON                                     cstackCOMMON 00076
__pintentry                                         intentry     00004
__pmaintext                                         maintext     002E1
__pstringtext1                                      stringtext1  0011A
__pstringtext2                                      stringtext2  00207
__pstringtext3                                      stringtext3  0021B
__ptext1                                            text1        00179
__ptext10                                           text10       001BD
__ptext11                                           text11       00272
__ptext12                                           text12       0027E
__ptext13                                           text13       002F3
__ptext14                                           text14       0023C
__ptext15                                           text15       0024B
__ptext16                                           text16       0028A
__ptext17                                           text17       00259
__ptext18                                           text18       002AC
__ptext19                                           text19       002A1
__ptext2                                            text2        0022D
__ptext21                                           text21       0034E
__ptext22                                           text22       00319
__ptext23                                           text23       00097
__ptext24                                           text24       002F9
__ptext25                                           text25       0030B
__ptext26                                           text26       002C6
__ptext27                                           text27       0031D
__ptext28                                           text28       0019B
__ptext29                                           text29       002CD
__ptext3                                            text3        002E7
__ptext30                                           text30       002B6
__ptext31                                           text31       002FF
__ptext32                                           text32       00305
__ptext33                                           text33       000DA
__ptext34                                           text34       002D4
__ptext35                                           text35       002BE
__ptext36                                           text36       00321
__ptext37                                           text37       0014A
__ptext38                                           text38       00339
__ptext39                                           text39       00310
__ptext4                                            text4        00049
__ptext40                                           text40       0033C
__ptext41                                           text41       0033F
__ptext42                                           text42       00325
__ptext43                                           text43       00329
__ptext44                                           text44       00342
__ptext45                                           text45       0032D
__ptext46                                           text46       00345
__ptext47                                           text47       001F2
__ptext48                                           text48       00331
__ptext49                                           text49       00348
__ptext5                                            text5        00296
__ptext50                                           text50       0034B
__ptext51                                           text51       00335
__ptext52                                           text52       0034F
__ptext6                                            text6        002ED
__ptext7                                            text7        001DB
__ptext8                                            text8        00315
__ptext9                                            text9        00266
_eusartRxLastError                                  bssBANK0     00030
_i2c1Status                                         bssBANK0     00020
_i2c1_eventTable                                    stringtext3  0021B
_main                                               maintext     002E1
btemp                                               (abs)        0007E
clear_ram0                                          clrtext      002DB
end_of_initialization                               cinit        00045
int$flags                                           (abs)        0007E
intlevel0                                           functab      00000
intlevel1                                           functab      00000
intlevel2                                           functab      00000
intlevel3                                           functab      00000
intlevel4                                           functab      00000
intlevel5                                           functab      00000
reset_vec                                           reset_vec    00000
start                                               init         00035
start_initialization                                cinit        00037
wtemp0                                              (abs)        0007E


MODULE INFORMATION

Module		Function		Class		Link	Load	Size
mcc_generated_files/system/src/interrupt.c
		_INT_SetInterruptHandler		CODE           	02ED	0000	6
		_INTERRUPT_Initialize		CODE           	0296	0000	11
		_INTERRUPT_InterruptManager		CODE           	0004	0000	49

mcc_generated_files/system/src/interrupt.c estimated size: 66

mcc_generated_files/i2c_host/src/mssp1.c
		_I2C1_EVENT_SEND_WR_ADDR		CODE           	02D4	0000	7
		_I2C1_NackSend 		CODE           	0325	0000	4
		_I2C1_ErrorEventHandler		CODE           	019B	0000	34
		_I2C1_CallbackRegister		CODE           	0266	0000	12
		_I2C1_EVENT_RESET		CODE           	02CD	0000	7
		_I2C1_EVENT_ERROR		CODE           	02FF	0000	6
		_I2C1_ErrorInterruptClear		CODE           	034B	0000	3
		_I2C1_StatusFlagsClear		CODE           	0331	0000	4
		_I2C1_InterruptsEnable		CODE           	0315	0000	4
		_I2C1_InterruptClear		CODE           	0348	0000	3
		_I2C1_EVENT_RX 		CODE           	00DA	0000	64
		_I2C1_EVENT_TX 		CODE           	014A	0000	47
		_I2C1_ReceiveEnable		CODE           	033F	0000	3
		_I2C1_RestartEnable		CODE           	0339	0000	3
		_I2C1_ISR      		CODE           	0319	0000	4
		_I2C1_EventHandler		CODE           	0097	0000	67
		_I2C1_DataReceive		CODE           	0342	0000	3
		_I2C1_IsData   		CODE           	030B	0000	5
		_I2C1_IsNack   		CODE           	02F9	0000	6
		_I2C1_IsAddr   		CODE           	02C6	0000	7
		_I2C1_EVENT_IDLE		CODE           	0321	0000	4
		_I2C1_EVENT_NACK		CODE           	0305	0000	6
		_I2C1_EVENT_SEND_RD_ADDR		CODE           	02BE	0000	8
		_I2C1_EVENT_STOP		CODE           	02B6	0000	8
		_I2C1_BusReset 		CODE           	0335	0000	4
		_I2C1_Initialize		CODE           	01DB	0000	23
		_I2C1_Close    		CODE           	01F2	0000	21
		_I2C1_ERROR_ISR		CODE           	031D	0000	4
		_I2C1_IsRxBufFull		CODE           	0329	0000	4
		_I2C1_StopSend 		CODE           	0345	0000	3
		_I2C1_RestartDisable		CODE           	033C	0000	3
		_I2C1_DataTransmit		CODE           	0310	0000	5
		_I2C1_AckSend  		CODE           	032D	0000	4
		_I2C1_DefaultCallback		CODE           	034F	0000	1

mcc_generated_files/i2c_host/src/mssp1.c estimated size: 391

mcc_generated_files/comparator/src/cmp1.c
		_CMP1_Initialize		CODE           	024B	0000	14
		_CMP1_InterruptCallbackRegister		CODE           	028A	0000	12

mcc_generated_files/comparator/src/cmp1.c estimated size: 26

mcc_generated_files/adc/src/adc.c
		_ADC_Initialize		CODE           	02A1	0000	11

mcc_generated_files/adc/src/adc.c estimated size: 11

mcc_generated_files/system/src/pins.c
		_PIN_MANAGER_Initialize		CODE           	0049	0000	78
		_PIN_MANAGER_IOC		CODE           	034E	0000	1

mcc_generated_files/system/src/pins.c estimated size: 79

mcc_generated_files/dac/src/dac1.c
		_DAC1_Initialize		CODE           	02F3	0000	6

mcc_generated_files/dac/src/dac1.c estimated size: 6

shared
		__initialization		CODE           	0037	0000	14
		_I2C1_Host     		STRCODE        	0000	0000	0
		_i2c1_eventTable		STRCODE        	021B	0000	18
		_UART1         		STRCODE        	0000	0000	0

shared estimated size: 32

mcc_generated_files/timer/src/tmr2.c
		_TMR2_Initialize		CODE           	022D	0000	15
		_TMR2_OverflowCallbackRegister		CODE           	02E7	0000	6

mcc_generated_files/timer/src/tmr2.c estimated size: 21

mcc_generated_files/uart/src/eusart.c
		_EUSART_FramingErrorCallbackRegister		CODE           	027E	0000	12
		_EUSART_OverrunErrorCallbackRegister		CODE           	0272	0000	12
		_EUSART_Initialize		CODE           	01BD	0000	30

mcc_generated_files/uart/src/eusart.c estimated size: 54

mcc_generated_files/system/src/clock.c
		_CLOCK_Initialize		CODE           	0259	0000	13

mcc_generated_files/system/src/clock.c estimated size: 13

mcc_generated_files/pwm/src/ccp1.c
		_CCP1_Initialize		CODE           	02AC	0000	10

mcc_generated_files/pwm/src/ccp1.c estimated size: 10

main.c
		_main          		CODE           	02E1	0000	6

main.c estimated size: 6

mcc_generated_files/system/src/system.c
		_SYSTEM_Initialize		CODE           	0179	0000	34

mcc_generated_files/system/src/system.c estimated size: 34

mcc_generated_files/cwg/src/cwg1.c
		_CWG1_Initialize		CODE           	023C	0000	15

mcc_generated_files/cwg/src/cwg1.c estimated size: 15

